// Jest Snapshot v1, https://goo.gl/fbAQLP

exports[`<RegistrationSuccess /> should render registration success page 1`] = `
<div
  className="RegistrationSuccess"
>
  <div>
    <h1>
      registration.success.header
    </h1>
    <p>
      registration.success.info1
      :
    </p>
  </div>
  <div>
    <p>
      registration.success.info2
       
    </p>
  </div>
  <div
    className="InfoBox"
  >
    <p>
      <b>
        registration.success.info3
      </b>
       
      registration.success.info4
    </p>
  </div>
  <div
    className="BackButton"
  >
    <hyperlink
      text="errorBoundary.return"
      to="/yki"
    />
  </div>
</div>
`;
